npm notice run castoverlay@2.1.0 npx
npm notice run tsc --noEmit
